progress 0.3 GB
progress 0.5 GB
progress 0.8 GB
progress 1.0 GB
progress 1.2 GB
progress 1.5 GB
progress 1.8 GB
progress 2.3 GB
progress 2.5 GB
progress 2.8 GB
progress 3.0 GB
progress 3.3 GB
progress 3.5 GB
progress 3.8 GB
progress 4.0 GB
progress 4.3 GB
progress 4.5 GB
progress 4.8 GB
progress 5.0 GB
progress 5.3 GB
progress 5.5 GB
progress 5.8 GB
progress 6.0 GB
progress 6.5 GB
progress 6.8 GB
progress 7.0 GB
progress 7.3 GB
progress 7.5 GB
progress 7.8 GB
progress 8.0 GB
progress 8.3 GB
progress 8.5 GB
progress 8.8 GB
progress 9.0 GB
progress 9.3 GB
progress 9.5 GB
progress 9.8 GB
progress 10.0 GB
progress 10.2 GB
progress 10.5 GB
progress 10.8 GB
progress 11.0 GB
progress 11.5 GB
progress 11.8 GB
progress 12.0 GB
progress 12.3 GB
progress 12.5 GB
progress 12.8 GB
progress 13.0 GB
progress 13.3 GB
progress 13.5 GB
progress 13.8 GB
progress 14.0 GB
progress 14.3 GB
progress 14.5 GB
progress 14.8 GB
progress 15.0 GB
progress 15.3 GB
progress 15.5 GB
progress 15.8 GB
progress 16.0 GB
progress 16.3 GB
progress 16.5 GB
progress 16.8 GB
progress 17.0 GB
progress 17.3 GB
progress 17.5 GB
progress 17.8 GB
progress 18.0 GB
progress 18.3 GB
progress 18.5 GB
progress 18.8 GB
progress 19.0 GB
progress 19.5 GB
progress 19.8 GB
progress 20.0 GB
progress 20.3 GB
progress 20.5 GB
progress 20.8 GB
progress 21.0 GB
progress 21.3 GB
progress 21.5 GB
progress 21.8 GB
progress 22.0 GB
progress 22.5 GB
progress 22.8 GB
progress 23.0 GB
progress 23.3 GB
progress 23.5 GB
progress 23.8 GB
progress 24.0 GB
progress 24.3 GB
progress 24.5 GB
progress 24.8 GB
progress 25.0 GB
progress 25.3 GB
progress 25.5 GB
progress 25.8 GB
progress 26.0 GB
progress 26.3 GB
progress 26.5 GB
progress 26.8 GB
progress 27.0 GB
progress 27.3 GB
progress 27.5 GB
progress 28.0 GB
progress 28.3 GB
progress 28.5 GB
frames=30692853334 locates=10199
ADD-FAIL page_exhausted -> 4716
live=154
A=334151567
F=3663030
E=17582140
C=440722
X=10445865
D=323141669
U=257353425
unknown_order  seen=0 -> 909
